
> temp_app@0.1.0 build
> next build

   笆ｲ Next.js 16.0.4 (Turbopack)
   - Environments: .env

node.exe :  笞 The "mi
ddleware" file convent
ion is deprecated. Ple
ase use "proxy" instea
d. Learn more: https:/
/nextjs.org/docs/messa
ges/middleware-to-prox
y
発生場所 行:1 文字:1
+ & "C:\Program Files\
nodejs/node.exe" "C:\P
rogram Files\nodejs/no
de_mo ...
+ ~~~~~~~~~~~~~~~~~~~~
~~~~~~~~~~~~~~~~~~~~~~
~~~~~~~~~~~~~~~~~~~~~~
~~~~~
    + CategoryInfo    
          : NotSpeci  
  fied: ( 笞 The "m   
 iddle...leware-to    
-proxy:String) []    ,
 RemoteException
    + FullyQualifiedE 
   rrorId : NativeCo  
  mmandError
 
   Creating an optimized production build ...

> Build error occurred
Error: Turbopack build
 failed with 2 errors:
./app
Font file not found: C
an't resolve './fonts/
GeistMonoVF.woff'

./app
Font file not found: C
an't resolve './fonts/
GeistVF.woff'

    at ignore-listed f
rames
